[12:51:31] ESP-ROM:esp32s3-20210327
[12:51:31] Build:Mar 27 2021
[12:51:31] rst:0x15 (USB_UART_CHIP_RESET),boot:0x2b (SPI_FAST_FLASH_BOOT)
[12:51:31] Saved PC:0x4037c416
[12:51:31] SPIWP:0xee
[12:51:31] mode:DIO, clock div:1
[12:51:31] load:0x3fce2820,len:0x1664
[12:51:31] load:0x403c8700,len:0xf7c
[12:51:31] load:0x403cb700,len:0x31ec
[12:51:31] entry 0x403c892c
[12:51:31] I (24) boot: ESP-IDF v6.1 2nd stage bootloader
[12:51:31] I (24) boot: compile time Sep  1 2026 12:51:03
[12:51:31] I (25) boot: Multicore bootloader
[12:51:31] I (25) boot: chip revision: v0.2
[12:51:31] I (27) boot: efuse block revision: v1.3
[12:51:31] I (31) qio_mode: Enabling default flash chip QIO
[12:51:31] I (35) boot.esp32s3: Boot SPI Speed : 80MHz
[12:51:31] I (39) boot.esp32s3: SPI Mode       : QIO
[12:51:31] I (43) boot.esp32s3: SPI Flash Size : 16MB
[12:51:31] I (47) boot: Enabling RNG early entropy source...
[12:51:31] I (51) boot: Partition Table:
[12:51:31] I (54) boot: ## Label            Usage          Type ST Offset   Length
[12:51:31] I (60) boot:  0 nvs              WiFi data        01 02 00009000 00006000
[12:51:31] I (67) boot:  1 phy_init         RF data          01 01 0000f000 00001000
[12:51:31] I (73) boot:  2 factory          factory app      00 00 00010000 001c0000
[12:51:31] I (80) boot:  3 drawing          Unknown data     01 40 001d0000 00400000
[12:51:31] I (86) boot:  4 export           Unknown data     01 41 005d0000 00a20000
[12:51:31] I (93) boot:  5 coredump         Unknown data     01 03 00ff0000 00010000
[12:51:31] I (99) boot: End of partition table
[12:51:31] I (103) esp_image: segment 0: paddr=00010020 vaddr=3c050020 size=14a38h ( 84536) map
[12:51:31] I (123) esp_image: segment 1: paddr=00024a60 vaddr=3fc9d000 size=038bch ( 14524) load
[12:51:31] I (126) esp_image: segment 2: paddr=00028324 vaddr=40374000 size=07cf4h ( 31988) load
[12:51:31] I (134) esp_image: segment 3: paddr=00030020 vaddr=42000020 size=4a2dch (303836) map
[12:51:31] I (182) esp_image: segment 4: paddr=0007a304 vaddr=4037bcf4 size=1121ch ( 70172) load
[12:51:31] I (196) esp_image: segment 5: paddr=0008b528 vaddr=50000000 size=00024h (    36) load
[12:51:31] I (207) boot: Loaded app from partition at offset 0x10000
[12:51:31] I (207) boot: Disabling RNG early entropy source...
[12:51:31] I (217) octal_psram: vendor id    : 0x0d (AP)
[12:51:31] I (217) octal_psram: dev id       : 0x02 (generation 3)
[12:51:31] I (217) octal_psram: density      : 0x03 (64 Mbit)
[12:51:31] I (219) octal_psram: good-die     : 0x01 (Pass)
[12:51:31] I (223) octal_psram: Latency      : 0x01 (Fixed)
[12:51:31] I (228) octal_psram: VCC          : 0x01 (3V)
[12:51:31] I (232) octal_psram: SRF          : 0x01 (Fast Refresh)
[12:51:31] I (237) octal_psram: BurstType    : 0x01 (Hybrid Wrap)
[12:51:31] I (241) octal_psram: BurstLen     : 0x01 (32 Byte)
[12:51:31] I (246) octal_psram: Readlatency  : 0x02 (10 cycles@Fixed)
[12:51:31] I (251) octal_psram: DriveStrength: 0x00 (1/1)
[12:51:31] I (255) MSPI Timing: Enter psram timing tuning
[12:51:31] I (260) esp_psram: Found 8MB PSRAM device
[12:51:31] I (263) esp_psram: Speed: 80MHz
[12:51:31] I (266) cpu_start: Multicore app
[12:51:31] I (554) esp_psram: SPI SRAM memory test OK
[12:51:31] I (563) cpu_start: GPIO 44 and 43 are used as console UART I/O pins
[12:51:31] I (563) cpu_start: Pro cpu start user code
[12:51:31] I (563) cpu_start: cpu freq: 240000000 Hz
[12:51:31] I (565) app_init: Application information:
[12:51:31] I (569) app_init: Project name:     tinydraw_esp32
[12:51:31] I (573) app_init: App version:      2.2.0-9-g0835e5b
[12:51:31] I (578) app_init: Compile time:     Sep  1 2026 12:50:54
[12:51:31] I (583) app_init: ELF file SHA256:  ca3b80315...
[12:51:31] I (587) app_init: ESP-IDF:          v6.1
[12:51:31] I (591) efuse_init: Min chip rev:     v0.0
[12:51:31] I (595) efuse_init: Max chip rev:     v0.99 
[12:51:31] I (599) efuse_init: Chip rev:         v0.2
[12:51:31] I (603) heap_init: Initializing. RAM available for dynamic allocation:
[12:51:31] I (609) heap_init: At 3FCA1DA0 len 00047970 (286 KiB): RAM
[12:51:31] I (614) heap_init: At 3FCE9710 len 00005724 (21 KiB): RAM
[12:51:31] I (619) heap_init: At 3FCF0000 len 00008000 (32 KiB): DRAM
[12:51:31] I (624) heap_init: At 600FE000 len 00001FE8 (7 KiB): RTCRAM
[12:51:31] I (630) esp_psram: Adding pool of 8192K of PSRAM memory to heap allocator
[12:51:31] I (637) spi_flash: detected chip: generic
[12:51:31] I (640) spi_flash: flash io: qio
[12:51:31] I (643) sleep_gpio: Configure to isolate all GPIO pins in sleep state
[12:51:31] I (649) sleep_gpio: Enable automatic switching of GPIO sleep configuration
[12:51:31] I (656) main_task: Started on CPU0
[12:51:31] I (659) main_task: Calling app_main()
[12:51:31] TINYDRAW_PRODUCER_SCRATCH supertask_internal=1 settle_internal=1 free_internal=232652 free_psram=1314832 frame_phase=0
[12:51:32] TINYDRAW_AUTOSAVE_RESTORE status=2 generation=1017 active=38 retained=38
[12:51:32] TINYDRAW_PANEL_HARD_RESET=1 attempts=1 bus_resets=0 first_failure_stage=none first_failure=ESP_OK last_bus_reset=ESP_OK device_remove=ESP_OK bus_delete=ESP_OK
[12:51:32] TINYDRAW_PANEL_TRANSPORT clock_mhz=40 transfer_phase=0
[12:51:32] I (1303) co5300: version: 2.1.0
[12:51:32] I (1305) co5300_spi: LCD panel create success, version: 2.1.0
[12:51:32] W (1391) co5300_spi: The 3Ah command has been used and will be overwritten by external initialization sequence
[12:51:32] I (1492) CST816S: IC id: 183
[12:51:32] I (1493) PCF85063A: PCF85063A initialized successfully
[12:51:32] TINYDRAW_RTC ready=1 retained=1 local=2026-09-01T11:49:46
[12:51:32] TINYDRAW_VECTOR_V2_PRESENTATION experiment=boundary-top-sweep te_edge=rising clock_mhz=40 optical_acceptance=external_manual
[12:51:34] TINYDRAW_LIVE_PRESENT kind=startup zoom=25 x=0 y=0 compose_us=20186 scroll_us=0 exposed_compose_us=0 chrome_us=10130 chrome_prepare_us=6501 chrome_stage_us=3629 read_submit_us=0 read_complete_us=0 transfer_wait_us=19393 tile_pixels=0 uniform_pixels=0 overview_pixels=164864 fallback_pixels=0 resident_tiles=0 fallback_tiles=0 pushes=11 tear_wait_us=12038 tear_edge_isr_to_resume_us=9 tear_edge_observed=1 tear_edge_wait_resumed=1 tear_edge_timeout=0 tear_heal_attempted=0 tear_heal_command_sent=0 presentation_experiment=boundary-top-sweep te_edge=rising clock_mhz=40 frame_reused=0 pass=1
[12:51:34] TINYDRAW_VECTOR_V2_READY zoom=25 controls=bottom_toolbar+hud button=toggle_hud operations_capacity=4000 samples_capacity=80000 live_storage_bytes=6959552 overview_bytes=989184 raw_tile_bytes=4947968 tile_metadata_bytes=102768 operation_bytes=720000 operation_index_bytes=93176 live_scratch_bytes=106456 free_psram=1313176 largest_psram=1310720 te_edges=76 te_period_us=16815 te_high_us=579 te_level=0 main_stack_free=7604
