[12:44:12] ESP-ROM:esp32s3-20210327
[12:44:12] Build:Mar 27 2021
[12:44:12] rst:0x15 (USB_UART_CHIP_RESET),boot:0x2b (SPI_FAST_FLASH_BOOT)
[12:44:12] Saved PC:0x40379a16
[12:44:12] SPIWP:0xee
[12:44:12] mode:DIO, clock div:1
[12:44:12] load:0x3fce2820,len:0x1178
[12:44:12] load:0x403c8700,len:0xd24
[12:44:12] load:0x403cb700,len:0x2ffc
[12:44:12] entry 0x403c88a4
[12:44:12] CAL_RECORD {"type":"configuration","schema_version":"1.0.0","harness_version":"1.0.0","idf_version":"v6.1","target":"esp32s3","chip_revision":2,"cores":2,"cpu_hz":240000000,"ccount_hz":240000000,"probe":"core-timing","trials":9,"chain_iterations":256,"issue_calls":4096,"issue_ops_per_call":256,"loop_iterations":1024,"loop_body_nops":8,"intr_samples":33,"uncertainty_notes":["Window and issue trials run at INTLEVEL 15; ticks cannot land inside a window.","Encodings are verified from the built ELF by the capture tooling, not assumed.","Interrupt latencies include the ESP-IDF dispatcher on purpose: that is what firmware experiences.","Resume latency starts at the handler body's final timestamp read and includes its assignment store and compiler-generated tail.","Resume latency includes up to one spin-loop iteration of quantization."]}
[12:44:12] CAL_RECORD {"type":"metric","name":"window_chain_depth_00","memory":"iram","access_pattern":"call8_recursion","operations_per_trial":256,"bytes_per_operation":0,"ccount_samples":[5292,5122,5120,5120,5120,5120,5120,5120,5120],"baseline":null,"note":"Non-tail call8 recursion to the named depth, 256 chains per trial."}
[12:44:12] CAL_RECORD {"type":"metric","name":"window_chain_depth_01","memory":"iram","access_pattern":"call8_recursion","operations_per_trial":256,"bytes_per_operation":0,"ccount_samples":[9216,9216,9216,9216,9216,9216,9216,9216,9216],"baseline":null,"note":"Non-tail call8 recursion to the named depth, 256 chains per trial."}
[12:44:12] CAL_RECORD {"type":"metric","name":"window_chain_depth_02","memory":"iram","access_pattern":"call8_recursion","operations_per_trial":256,"bytes_per_operation":0,"ccount_samples":[13312,13312,13312,13312,13312,13312,13312,13312,13312],"baseline":null,"note":"Non-tail call8 recursion to the named depth, 256 chains per trial."}
[12:44:12] CAL_RECORD {"type":"metric","name":"window_chain_depth_03","memory":"iram","access_pattern":"call8_recursion","operations_per_trial":256,"bytes_per_operation":0,"ccount_samples":[17408,17408,17408,17408,17408,17408,17408,17408,17408],"baseline":null,"note":"Non-tail call8 recursion to the named depth, 256 chains per trial."}
[12:44:12] CAL_RECORD {"type":"metric","name":"window_chain_depth_04","memory":"iram","access_pattern":"call8_recursion","operations_per_trial":256,"bytes_per_operation":0,"ccount_samples":[21504,21504,21504,21504,21504,21504,21504,21504,21504],"baseline":null,"note":"Non-tail call8 recursion to the named depth, 256 chains per trial."}
[12:44:12] CAL_RECORD {"type":"metric","name":"window_chain_depth_05","memory":"iram","access_pattern":"call8_recursion","operations_per_trial":256,"bytes_per_operation":0,"ccount_samples":[25600,25600,25600,25600,25600,25600,25600,25600,25600],"baseline":null,"note":"Non-tail call8 recursion to the named depth, 256 chains per trial."}
[12:44:12] CAL_RECORD {"type":"metric","name":"window_chain_depth_06","memory":"iram","access_pattern":"call8_recursion","operations_per_trial":256,"bytes_per_operation":0,"ccount_samples":[38656,38656,38656,38656,38656,38656,38656,38656,38656],"baseline":null,"note":"Non-tail call8 recursion to the named depth, 256 chains per trial."}
[12:44:12] CAL_RECORD {"type":"metric","name":"window_chain_depth_07","memory":"iram","access_pattern":"call8_recursion","operations_per_trial":256,"bytes_per_operation":0,"ccount_samples":[51712,51712,51712,51712,51712,51712,51712,51712,51712],"baseline":null,"note":"Non-tail call8 recursion to the named depth, 256 chains per trial."}
[12:44:12] CAL_RECORD {"type":"metric","name":"window_chain_depth_08","memory":"iram","access_pattern":"call8_recursion","operations_per_trial":256,"bytes_per_operation":0,"ccount_samples":[64768,64768,64768,64768,64768,64768,64768,64768,64768],"baseline":null,"note":"Non-tail call8 recursion to the named depth, 256 chains per trial."}
[12:44:12] CAL_RECORD {"type":"metric","name":"window_chain_depth_10","memory":"iram","access_pattern":"call8_recursion","operations_per_trial":256,"bytes_per_operation":0,"ccount_samples":[90880,90880,90880,90880,90880,90880,90880,90880,90880],"baseline":null,"note":"Non-tail call8 recursion to the named depth, 256 chains per trial."}
[12:44:12] CAL_RECORD {"type":"metric","name":"window_chain_depth_12","memory":"iram","access_pattern":"call8_recursion","operations_per_trial":256,"bytes_per_operation":0,"ccount_samples":[117116,116992,116992,116992,116992,116992,116992,116992,116992],"baseline":null,"note":"Non-tail call8 recursion to the named depth, 256 chains per trial."}
[12:44:12] CAL_RECORD {"type":"metric","name":"window_chain_depth_16","memory":"iram","access_pattern":"call8_recursion","operations_per_trial":256,"bytes_per_operation":0,"ccount_samples":[169351,169338,169333,169333,169333,169333,169333,169333,169333],"baseline":null,"note":"Non-tail call8 recursion to the named depth, 256 chains per trial."}
[12:44:12] CAL_RECORD {"type":"metric","name":"window_chain_depth_20","memory":"iram","access_pattern":"call8_recursion","operations_per_trial":256,"bytes_per_operation":0,"ccount_samples":[221440,221559,221562,221562,221562,221562,221562,221562,221562],"baseline":null,"note":"Non-tail call8 recursion to the named depth, 256 chains per trial."}
[12:44:12] CAL_RECORD {"type":"metric","name":"window_chain_depth_24","memory":"iram","access_pattern":"call8_recursion","operations_per_trial":256,"bytes_per_operation":0,"ccount_samples":[273795,273780,273788,273788,273788,273788,273788,273788,273788],"baseline":null,"note":"Non-tail call8 recursion to the named depth, 256 chains per trial."}
[12:44:13] CAL_RECORD {"type":"metric","name":"window_chain_depth_32","memory":"iram","access_pattern":"call8_recursion","operations_per_trial":256,"bytes_per_operation":0,"ccount_samples":[378366,378358,378358,378358,378358,378358,378358,378358,378358],"baseline":null,"note":"Non-tail call8 recursion to the named depth, 256 chains per trial."}
[12:44:13] CAL_RECORD {"type":"metric","name":"issue_empty_baseline","memory":"iram","access_pattern":"empty_calls","operations_per_trial":4096,"bytes_per_operation":0,"ccount_samples":[61581,61441,61441,61441,61441,61441,61441,61441,61441],"baseline":null,"note":"Call-and-loop baseline for the 256-op issue blocks."}
[12:44:13] CAL_RECORD {"type":"metric","name":"issue_narrow_nops","memory":"iram","access_pattern":"sequential_2byte","operations_per_trial":1048576,"bytes_per_operation":0,"ccount_samples":[1110042,1110048,1110048,1110048,1110048,1110048,1110048,1110048,1110048],"baseline":"issue_empty_baseline","note":"256 two-byte nop.n per call."}
[12:44:13] CAL_RECORD {"type":"metric","name":"issue_wide_or","memory":"iram","access_pattern":"sequential_3byte","operations_per_trial":1048576,"bytes_per_operation":0,"ccount_samples":[1110575,1110550,1110550,1110550,1110550,1110550,1110550,1110550,1110550],"baseline":"issue_empty_baseline","note":"256 three-byte or a8,a8,a8 per call."}
[12:44:13] CAL_RECORD {"type":"metric","name":"issue_mixed_widths","memory":"iram","access_pattern":"alternating_2_3byte","operations_per_trial":1048576,"bytes_per_operation":0,"ccount_samples":[1110416,1110330,1110313,1110313,1110313,1110313,1110313,1110313,1110313],"baseline":"issue_empty_baseline","note":"Alternating nop.n and or a8,a8,a8, 256 ops per call."}
[12:44:13] CAL_RECORD {"type":"metric","name":"issue_dependent_addi","memory":"iram","access_pattern":"serial_dependency","operations_per_trial":1048576,"bytes_per_operation":0,"ccount_samples":[1110443,1110568,1110550,1110550,1110550,1110550,1110550,1110550,1110550],"baseline":"issue_empty_baseline","note":"256 chained addi a8,a8,1 per call: every instruction depends on the previous one."}
[12:44:13] CAL_RECORD {"type":"metric","name":"issue_independent_addi","memory":"iram","access_pattern":"four_way_independent","operations_per_trial":1048576,"bytes_per_operation":0,"ccount_samples":[1110256,1110238,1110238,1110238,1110238,1110238,1110238,1110238,1110238],"baseline":"issue_empty_baseline","note":"256 addi over four rotating registers per call."}
[12:44:13] CAL_RECORD {"type":"metric","name":"loop_body_align_r0","memory":"iram","access_pattern":"zero_overhead_loop","operations_per_trial":65536,"bytes_per_operation":0,"ccount_samples":[525554,525440,525440,525440,525440,525440,525440,525440,525440],"baseline":null,"note":"64 calls of a 1024-iteration nop.n loop, body start at +0 mod 4."}
[12:44:13] CAL_RECORD {"type":"metric","name":"loop_body_align_r1","memory":"iram","access_pattern":"zero_overhead_loop","operations_per_trial":65536,"bytes_per_operation":0,"ccount_samples":[525444,525376,525376,525376,525376,525376,525376,525376,525376],"baseline":null,"note":"64 calls of a 1024-iteration nop.n loop, body start at +1 mod 4."}
[12:44:13] CAL_RECORD {"type":"metric","name":"loop_body_align_r2","memory":"iram","access_pattern":"zero_overhead_loop","operations_per_trial":65536,"bytes_per_operation":0,"ccount_samples":[525512,525504,525504,525504,525504,525504,525504,525504,525504],"baseline":null,"note":"64 calls of a 1024-iteration nop.n loop, body start at +2 mod 4."}
[12:44:13] CAL_RECORD {"type":"metric","name":"loop_body_align_r3","memory":"iram","access_pattern":"zero_overhead_loop","operations_per_trial":65536,"bytes_per_operation":0,"ccount_samples":[591072,590918,590918,590918,590918,590918,590918,590918,590918],"baseline":null,"note":"64 calls of a 1024-iteration nop.n loop, body start at +3 mod 4."}
[12:44:13] CAL_RECORD {"type":"metric","name":"intr_entry_level1","memory":"iram","access_pattern":"sw_intset_to_handler","operations_per_trial":1,"bytes_per_operation":0,"ccount_samples":[229,227,227,227,227,227,227,227,227,227,227,227,227,227,227,227,227,227,227,227,227,227,227,227,227,227,227,227,227,227,227,227,227],"baseline":null,"note":"CCOUNT from WSR INTSET in the interrupted task to the first instruction of the IRAM handler, through the ESP-IDF dispatcher."}
[12:44:13] CAL_RECORD {"type":"metric","name":"intr_resume_level1","memory":"iram","access_pattern":"handler_tail_to_task","operations_per_trial":1,"bytes_per_operation":0,"ccount_samples":[143,143,143,143,143,143,143,143,143,143,143,143,143,143,143,143,143,143,143,143,143,143,143,143,143,143,143,143,143,143,143,143,143],"baseline":null,"note":"CCOUNT from the handler body's final timestamp read back to the interrupted spin loop; includes the timestamp store, compiler-generated handler tail, dispatcher epilogue, restore, and up to one spin iteration."}
[12:44:13] E (2768) intr_alloc: No free interrupt inputs for  interrupt (flags 0x408)
[12:44:13] CAL_RECORD {"type":"metric","name":"intr_entry_level3","memory":"iram","access_pattern":"sw_intset_to_handler","operations_per_trial":1,"bytes_per_operation":0,"ccount_samples":[222,222,222,222,222,222,222,222,222,222,222,222,222,222,222,222,222,222,222,222,222,222,222,222,222,222,222,222,222,222,222,222,222],"baseline":null,"note":"CCOUNT from WSR INTSET in the interrupted task to the first instruction of the IRAM handler, through the ESP-IDF dispatcher."}
[12:44:13] CAL_RECORD {"type":"metric","name":"intr_resume_level3","memory":"iram","access_pattern":"handler_tail_to_task","operations_per_trial":1,"bytes_per_operation":0,"ccount_samples":[139,139,139,139,139,139,139,139,139,139,139,139,139,139,139,139,139,139,139,139,139,139,139,139,139,139,139,139,139,139,139,139,139],"baseline":null,"note":"CCOUNT from the handler body's final timestamp read back to the interrupted spin loop; includes the timestamp store, compiler-generated handler tail, dispatcher epilogue, restore, and up to one spin iteration."}
[12:44:13] CALIBRATION_DONE sink=135953
