[01:35:13] ESP-ROM:esp32s3-20210327
[01:35:13] Build:Mar 27 2021
[01:35:13] rst:0x15 (USB_UART_CHIP_RESET),boot:0x2b (SPI_FAST_FLASH_BOOT)
[01:35:13] Saved PC:0x4037919a
[01:35:13] SPIWP:0xee
[01:35:13] mode:DIO, clock div:1
[01:35:13] load:0x3fce2820,len:0x1664
[01:35:13] load:0x403c8700,len:0xf7c
[01:35:13] load:0x403cb700,len:0x31ec
[01:35:13] entry 0x403c892c
[01:35:13] I (24) boot: ESP-IDF v6.1 2nd stage bootloader
[01:35:13] I (24) boot: compile time Sep  1 2026 01:34:10
[01:35:13] I (25) boot: Multicore bootloader
[01:35:13] I (25) boot: chip revision: v0.2
[01:35:13] I (27) boot: efuse block revision: v1.3
[01:35:13] I (31) qio_mode: Enabling default flash chip QIO
[01:35:13] I (35) boot.esp32s3: Boot SPI Speed : 80MHz
[01:35:13] I (39) boot.esp32s3: SPI Mode       : QIO
[01:35:13] I (43) boot.esp32s3: SPI Flash Size : 16MB
[01:35:13] I (47) boot: Enabling RNG early entropy source...
[01:35:13] I (51) boot: Partition Table:
[01:35:13] I (54) boot: ## Label            Usage          Type ST Offset   Length
[01:35:13] I (60) boot:  0 nvs              WiFi data        01 02 00009000 00006000
[01:35:13] I (67) boot:  1 phy_init         RF data          01 01 0000f000 00001000
[01:35:13] I (73) boot:  2 factory          factory app      00 00 00010000 001c0000
[01:35:13] I (80) boot:  3 drawing          Unknown data     01 40 001d0000 00400000
[01:35:13] I (86) boot:  4 export           Unknown data     01 41 005d0000 00a20000
[01:35:13] I (93) boot:  5 coredump         Unknown data     01 03 00ff0000 00010000
[01:35:13] I (99) boot: End of partition table
[01:35:13] I (103) esp_image: segment 0: paddr=00010020 vaddr=3c020020 size=0a454h ( 42068) map
[01:35:13] I (117) esp_image: segment 1: paddr=0001a47c vaddr=3fc90f00 size=0359ch ( 13724) load
[01:35:13] I (120) esp_image: segment 2: paddr=0001da20 vaddr=40374000 size=025f8h (  9720) load
[01:35:13] I (127) esp_image: segment 3: paddr=00020020 vaddr=42000020 size=141bch ( 82364) map
[01:35:13] I (145) esp_image: segment 4: paddr=000341e4 vaddr=403765f8 size=0a898h ( 43160) load
[01:35:13] I (154) esp_image: segment 5: paddr=0003ea84 vaddr=50000000 size=00024h (    36) load
[01:35:13] I (161) boot: Loaded app from partition at offset 0x10000
[01:35:13] I (161) boot: Disabling RNG early entropy source...
[01:35:13] I (172) octal_psram: vendor id    : 0x0d (AP)
[01:35:13] I (172) octal_psram: dev id       : 0x02 (generation 3)
[01:35:13] I (173) octal_psram: density      : 0x03 (64 Mbit)
[01:35:13] I (174) octal_psram: good-die     : 0x01 (Pass)
[01:35:13] I (179) octal_psram: Latency      : 0x01 (Fixed)
[01:35:13] I (183) octal_psram: VCC          : 0x01 (3V)
[01:35:13] I (187) octal_psram: SRF          : 0x01 (Fast Refresh)
[01:35:13] I (192) octal_psram: BurstType    : 0x01 (Hybrid Wrap)
[01:35:13] I (197) octal_psram: BurstLen     : 0x01 (32 Byte)
[01:35:13] I (201) octal_psram: Readlatency  : 0x02 (10 cycles@Fixed)
[01:35:13] I (207) octal_psram: DriveStrength: 0x00 (1/1)
[01:35:13] I (211) MSPI Timing: Enter psram timing tuning
[01:35:13] I (216) esp_psram: Found 8MB PSRAM device
[01:35:13] I (219) esp_psram: Speed: 80MHz
[01:35:13] I (222) cpu_start: Multicore app
[01:35:13] I (507) esp_psram: SPI SRAM memory test OK
[01:35:13] I (515) cpu_start: GPIO 44 and 43 are used as console UART I/O pins
[01:35:13] I (515) cpu_start: Pro cpu start user code
[01:35:13] I (515) cpu_start: cpu freq: 240000000 Hz
[01:35:13] I (517) app_init: Application information:
[01:35:13] I (521) app_init: Project name:     tinydraw_esp32
[01:35:13] I (525) app_init: App version:      2.2.0-1-g4db22a6
[01:35:13] I (530) app_init: Compile time:     Sep  1 2026 01:34:51
[01:35:13] I (535) app_init: ELF file SHA256:  e4f8fd51f...
[01:35:13] I (539) app_init: ESP-IDF:          v6.1
[01:35:13] I (543) efuse_init: Min chip rev:     v0.0
[01:35:13] I (547) efuse_init: Max chip rev:     v0.99 
[01:35:13] I (551) efuse_init: Chip rev:         v0.2
[01:35:13] I (555) heap_init: Initializing. RAM available for dynamic allocation:
[01:35:13] I (561) heap_init: At 3FC94F80 len 00054790 (337 KiB): RAM
[01:35:13] I (566) heap_init: At 3FCE9710 len 00005724 (21 KiB): RAM
[01:35:13] I (571) heap_init: At 3FCF0000 len 00008000 (32 KiB): DRAM
[01:35:13] I (577) heap_init: At 600FE000 len 00001FE8 (7 KiB): RTCRAM
[01:35:13] I (582) esp_psram: Adding pool of 8192K of PSRAM memory to heap allocator
[01:35:13] I (589) spi_flash: detected chip: generic
[01:35:13] I (592) spi_flash: flash io: qio
[01:35:13] I (595) sleep_gpio: Configure to isolate all GPIO pins in sleep state
[01:35:13] I (601) sleep_gpio: Enable automatic switching of GPIO sleep configuration
[01:35:13] I (608) main_task: Started on CPU0
[01:35:13] I (611) main_task: Calling app_main()
[01:35:13] TINYDRAW_TOUCH_IDENTITY_START address=0x15
[01:35:13] TINYDRAW_TOUCH_IDENTITY_RESET configure=ESP_OK low=ESP_OK high=ESP_OK
[01:35:13] TINYDRAW_TOUCH_IDENTITY_REGISTER address=0xa7 value=0xb7 result=ESP_OK
[01:35:13] TINYDRAW_TOUCH_IDENTITY_REGISTER address=0xa8 value=0x41 result=ESP_OK
[01:35:13] TINYDRAW_TOUCH_IDENTITY_REGISTER address=0xa9 value=0x02 result=ESP_OK
[01:35:13] TINYDRAW_TOUCH_IDENTITY_DONE pass=1
